// Jest Snapshot v1, https://goo.gl/fbAQLP

exports[`renders title and authorlist after the component mount 1`] = `
<div>
  
</div>
`;
