// Jest Snapshot v1, https://goo.gl/fbAQLP

exports[`renders title and authorlist after the component mount 1`] = `
<div>
  <li>
     
    HARRY POTTER
  </li>
</div>
`;

exports[`renders title and boollist after the component mount 1`] = `
<div>
  <li>
     
    HARRY POTTER
  </li>
</div>
`;
